---
apiVersion: networking.istio.io/v1alpha3
kind: VirtualService
metadata:
  annotations:
    foo.com/duname: reportservicesgroup
    foo.com/duversion: 1.0.40-20190925.1569390513080
    foo.com/version: 1.0.40
  labels:
    app.kubernetes.io/name: reportservicesgroup
    helm.sh/chart: reportservicesgroup-1.0.40
  name: reports
spec:
  gateways:
  - public-gateway
  hosts:
  - '*'
  http:
  - match:
    - uri:
        exact: /reports
    - uri:
        prefix: /reports/
    route:
    - destination:
        host: reports.peekay.svc.cluster.local
