---
apiVersion: v1
kind: Service
metadata:
  annotations:
    foo.com/duname: modelrepo
    foo.com/duversion: 3.7.96-20190818.1566162822182
    foo.com/version: 3.7.96
  labels:
    app.kubernetes.io/name: modelrepository
    helm.sh/chart: modelrepository-3.7.96
  name: modelrepository
spec:
  ports:
  - name: http
    port: 80
    protocol: TCP
    targetPort: http
  selector:
    app.kubernetes.io/name: modelrepository
  type: ClusterIP
