---
apiVersion: apps/v1
kind: Deployment
metadata:
  annotations:
    foo.com/duname: templates
    foo.com/duversion: 1.5.9-20190909.1568068121625
    foo.com/version: 1.5.9
  labels:
    app.kubernetes.io/name: templates
    helm.sh/chart: templates-1.5.9
  name: templates
spec:
  replicas: 1
  selector:
    matchLabels:
      app.kubernetes.io/name: templates
  strategy: {}
  template:
    metadata:
      creationTimestamp: null
      labels:
        app: templates
        app.kubernetes.io/name: templates
    spec:
      containers:
      - envFrom:
        - configMapRef:
            name: foo-shared-config
        - configMapRef:
            name: foo-java-config
        image: repo.foo.com/va-125.0.0-x64_redhat_linux_7-docker-prod/foo-templates:1.5.9-20190909.1568068121625
        imagePullPolicy: IfNotPresent
        name: templates
        ports:
        - containerPort: 8080
          name: http
          protocol: TCP
        resources: {}
      initContainers:
      - envFrom:
        - configMapRef:
            name: foo-shared-config
        image: docker.foo.com/yesbut/init-blocker:1.7
        name: init-blocker
